###############################################################################
#
# IAR ELF Linker V8.30.1.114/W32 for ARM                  14/Sep/2021  21:44:16
# Copyright 2007-2018 IAR Systems AB.
#
#    Output file  =  C:\Users\evgen\Desktop\lab1\Debug\Exe\lab1.out
#    Map file     =  C:\Users\evgen\Desktop\lab1\Debug\List\lab1.map
#    Command line =  
#        -f C:\Users\evgen\AppData\Local\Temp\EW57CE.tmp
#        (C:\Users\evgen\Desktop\lab1\Debug\Obj\button.o
#        C:\Users\evgen\Desktop\lab1\Debug\Obj\clk.o
#        C:\Users\evgen\Desktop\lab1\Debug\Obj\led.o
#        C:\Users\evgen\Desktop\lab1\Debug\Obj\main.o
#        C:\Users\evgen\Desktop\lab1\Debug\Obj\MDR32F9Qx_port.o
#        C:\Users\evgen\Desktop\lab1\Debug\Obj\MDR32F9Qx_rst_clk.o
#        --no_out_extension -o C:\Users\evgen\Desktop\lab1\Debug\Exe\lab1.out
#        --redirect _Printf=_PrintfFullNoMb --redirect _Scanf=_ScanfFullNoMb
#        --map C:\Users\evgen\Desktop\lab1\Debug\List\lab1.map --config
#        "C:\Program Files (x86)\IAR Systems\Embedded Workbench
#        8.1\arm\config\linker\Milandr\MDR1986VE9x\MDR1986VE9x.icf"
#        --semihosting --entry __iar_program_start --vfe --text_out locale)
#
###############################################################################

*******************************************************************************
*** RUNTIME MODEL ATTRIBUTES
***

CppFlavor       = *
__SystemLibrary = DLib
__dlib_version  = 6


*******************************************************************************
*** HEAP SELECTION
***

The basic heap was selected because no calls to memory allocation
functions were found in the application outside of system library
functions, and there are calls to deallocation functions in the
application.


*******************************************************************************
*** PLACEMENT SUMMARY
***

"A0":  place at 0x800'0000 { ro section .intvec };
"P1":  place in [from 0x800'0000 to 0x801'ffff] { ro };
define block CSTACK with size = 4K, alignment = 8 { };
define block HEAP with size = 8K, alignment = 8 { };
"P2":  place in [from 0x2000'0000 to 0x2000'7fff] {
          rw, block CSTACK, block HEAP };
keep { section .intvec };

No sections matched the following patterns:

  rw  in "P2"


  Section   Kind         Address    Size  Object
  -------   ----         -------    ----  ------
"A0":                               0x40
  .intvec   ro code   0x800'0000    0x40  vector_table_M.o [3]
                    - 0x800'0040    0x40

"P1":                              0x4dc
  .text     ro code   0x800'0040   0x228  MDR32F9Qx_rst_clk.o [1]
  .text     ro code   0x800'0268   0x160  MDR32F9Qx_port.o [1]
  .text     ro code   0x800'03c8    0x52  clk.o [1]
  .text     ro code   0x800'041a     0x2  vector_table_M.o [3]
  .text     ro code   0x800'041c    0x48  led.o [1]
  .text     ro code   0x800'0464    0x3c  button.o [1]
  .text     ro code   0x800'04a0    0x28  main.o [1]
  .text     ro code   0x800'04c8    0x1e  cmain.o [3]
  .text     ro code   0x800'04e6     0x4  low_level_init.o [2]
  .text     ro code   0x800'04ea     0x4  exit.o [2]
  .text     ro code   0x800'04f0     0xa  cexit.o [3]
  .text     ro code   0x800'04fc    0x14  exit.o [4]
  .text     ro code   0x800'0510     0xc  cstartup_M.o [3]
                    - 0x800'051c   0x4dc

"P2":                             0x1000
  CSTACK             0x2000'0000  0x1000  <Block>
    CSTACK  uninit   0x2000'0000  0x1000  <Block tail>
                   - 0x2000'1000  0x1000

Unused ranges:

         From           To      Size
         ----           --      ----
   0x800'051c   0x801'ffff  0x1'fae4
  0x2000'1000  0x2000'7fff    0x7000



*******************************************************************************
*** MODULE SUMMARY
***

    Module               ro code  rw data
    ------               -------  -------
command line/config:
    -------------------------------------
    Total:

C:\Users\evgen\Desktop\lab1\Debug\Obj: [1]
    MDR32F9Qx_port.o         352
    MDR32F9Qx_rst_clk.o      552
    button.o                  60
    clk.o                     82
    led.o                     72
    main.o                    40
    -------------------------------------
    Total:                 1 158

dl7M_tln.a: [2]
    exit.o                     4
    low_level_init.o           4
    -------------------------------------
    Total:                     8

rt7M_tl.a: [3]
    cexit.o                   10
    cmain.o                   30
    cstartup_M.o              12
    vector_table_M.o          66
    -------------------------------------
    Total:                   118

shb_l.a: [4]
    exit.o                    20
    -------------------------------------
    Total:                    20

    Gaps                       4
    Linker created                  4 096
-----------------------------------------
    Grand Total:           1 308    4 096


*******************************************************************************
*** ENTRY LIST
***

Entry                       Address   Size  Type      Object
-----                       -------   ----  ----      ------
?main                    0x800'04c9         Code  Gb  cmain.o [3]
CSTACK$$Base            0x2000'0000          --   Gb  - Linker created -
CSTACK$$Limit           0x2000'1000          --   Gb  - Linker created -
PORT_Init                0x800'0269  0x13a  Code  Gb  MDR32F9Qx_port.o [1]
PORT_ReadInputDataBit    0x800'03a3   0x10  Code  Gb  MDR32F9Qx_port.o [1]
PORT_WriteBit            0x800'03b3   0x16  Code  Gb  MDR32F9Qx_port.o [1]
RST_CLK_CPU_PLLcmd       0x800'01a3    0xa  Code  Gb  MDR32F9Qx_rst_clk.o [1]
RST_CLK_CPU_PLLconfig    0x800'0161   0x36  Code  Gb  MDR32F9Qx_rst_clk.o [1]
RST_CLK_CPU_PLLstatus    0x800'01ad   0x34  Code  Gb  MDR32F9Qx_rst_clk.o [1]
RST_CLK_CPU_PLLuse       0x800'0197    0xc  Code  Gb  MDR32F9Qx_rst_clk.o [1]
RST_CLK_CPUclkSelection
                         0x800'01e1    0xe  Code  Gb  MDR32F9Qx_rst_clk.o [1]
RST_CLK_DeInit           0x800'0041   0x26  Code  Gb  MDR32F9Qx_rst_clk.o [1]
RST_CLK_GetFlagStatus    0x800'020b   0x26  Code  Gb  MDR32F9Qx_rst_clk.o [1]
RST_CLK_HSEconfig        0x800'00c1   0x2c  Code  Gb  MDR32F9Qx_rst_clk.o [1]
RST_CLK_HSEstatus        0x800'00ed   0x34  Code  Gb  MDR32F9Qx_rst_clk.o [1]
RST_CLK_HSIcmd           0x800'0121    0xc  Code  Gb  MDR32F9Qx_rst_clk.o [1]
RST_CLK_HSIstatus        0x800'012d   0x34  Code  Gb  MDR32F9Qx_rst_clk.o [1]
RST_CLK_PCLKcmd          0x800'01ef   0x1c  Code  Gb  MDR32F9Qx_rst_clk.o [1]
RST_CLK_WarmDeInit       0x800'0067   0x5a  Code  Gb  MDR32F9Qx_rst_clk.o [1]
Region$$Table$$Base             0x0          --   Gb  - Linker created -
Region$$Table$$Limit            0x0          --   Gb  - Linker created -
__cmain                  0x800'04c9         Code  Gb  cmain.o [3]
__exit                   0x800'04fd   0x14  Code  Gb  exit.o [4]
__iar_program_start      0x800'0511         Code  Gb  cstartup_M.o [3]
__low_level_init         0x800'04e7    0x4  Code  Gb  low_level_init.o [2]
__vector_table           0x800'0000         Data  Gb  vector_table_M.o [3]
_call_main               0x800'04d5         Code  Gb  cmain.o [3]
_exit                    0x800'04f1         Code  Gb  cexit.o [3]
_main                    0x800'04e3         Code  Gb  cmain.o [3]
button_Init              0x800'0465   0x2a  Code  Gb  button.o [1]
button_State             0x800'048f    0xc  Code  Gb  button.o [1]
clk_CoreConfig           0x800'03c9   0x52  Code  Gb  clk.o [1]
exit                     0x800'04eb    0x4  Code  Gb  exit.o [2]
led_Init                 0x800'041d   0x2a  Code  Gb  led.o [1]
led_Write                0x800'0447   0x1a  Code  Gb  led.o [1]
main                     0x800'04a1   0x28  Code  Gb  main.o [1]


[1] = C:\Users\evgen\Desktop\lab1\Debug\Obj
[2] = dl7M_tln.a
[3] = rt7M_tl.a
[4] = shb_l.a

  1 308 bytes of readonly  code memory
  4 096 bytes of readwrite data memory

Errors: none
Warnings: none
